******************************************************************************
                  TI ARM Linker PC v5.2.5                      
******************************************************************************
>> Linked Tue Nov 17 21:24:19 2015

OUTPUT FILE NAME:   <project_1.out>
ENTRY POINT SYMBOL: "_c_int00"  address: 00000795


MEMORY CONFIGURATION

         name            origin    length      used     unused   attr    fill
----------------------  --------  ---------  --------  --------  ----  --------
  FLASH                 00000000   00040000  0000098a  0003f676  R  X
  SRAM                  20000000   00008000  00000214  00007dec  RW X


SEGMENT ALLOCATION MAP

run origin  load origin   length   init length attrs members
----------  ----------- ---------- ----------- ----- -------
00000000    00000000    00000990   00000990    r-x
  00000000    00000000    0000026c   0000026c    r-- .intvecs
  0000026c    0000026c    00000692   00000692    r-x .text
  00000900    00000900    0000006c   0000006c    r-- .const
  00000970    00000970    00000020   00000020    r-- .cinit
20000000    20000000    00000214   00000000    rw-
  20000000    20000000    00000200   00000000    rw- .stack
  20000200    20000200    00000014   00000000    rw- .data


SECTION ALLOCATION MAP

 output                                  attributes/
section   page    origin      length       input sections
--------  ----  ----------  ----------   ----------------
.intvecs   0    00000000    0000026c     
                  00000000    0000026c     tm4c123gh6pm_startup_ccs.obj (.intvecs)

.text      0    0000026c    00000692     
                  0000026c    0000022c     main.obj (.text)
                  00000498    0000010c     driverlib.lib : sysctl.obj (.text:SysCtlClockGet)
                  000005a4    0000009c     rtsv7M4_T_le_v4SPD16_eabi.lib : memcpy_t2.obj (.text)
                  00000640    0000007a                                   : memset_t2.obj (.text)
                  000006ba    00000002     --HOLE-- [fill = 0]
                  000006bc    0000006c                                   : autoinit.obj (.text)
                  00000728    0000006a                                   : copy_decompress_rle.obj (.text)
                  00000792    00000002     --HOLE-- [fill = 0]
                  00000794    00000050                                   : boot.obj (.text)
                  000007e4    0000004c                                   : cpy_tbl.obj (.text)
                  00000830    00000044                                   : exit.obj (.text)
                  00000874    00000022     driverlib.lib : pwm.obj (.text:PWMGenConfigure)
                  00000896    00000002     --HOLE-- [fill = 0]
                  00000898    00000018     rtsv7M4_T_le_v4SPD16_eabi.lib : args_main.obj (.text)
                  000008b0    00000014                                   : _lock.obj (.text)
                  000008c4    00000010     driverlib.lib : pwm.obj (.text:PWMGenPeriodSet)
                  000008d4    0000000e     rtsv7M4_T_le_v4SPD16_eabi.lib : copy_decompress_none.obj (.text:decompress:none)
                  000008e2    0000000c     tm4c123gh6pm_startup_ccs.obj (.text)
                  000008ee    00000006     driverlib.lib : sysctl.obj (.text:SysCtlDelay)
                  000008f4    00000006     rtsv7M4_T_le_v4SPD16_eabi.lib : copy_decompress_rle.obj (.text:decompress:rle24)
                  000008fa    00000004                                   : pre_init.obj (.text)

.const     0    00000900    0000006c     
                  00000900    0000006c     driverlib.lib : sysctl.obj (.const:g_pui32Xtals)

.cinit     0    00000970    00000020     
                  00000970    0000000f     (.cinit..data.load) [load image, compression = rle]
                  0000097f    00000001     --HOLE-- [fill = 0]
                  00000980    00000008     (__TI_handler_table)
                  00000988    00000008     (__TI_cinit_table)

.init_array 
*          0    00000000    00000000     UNINITIALIZED

.stack     0    20000000    00000200     UNINITIALIZED
                  20000000    00000200     --HOLE--

.data      0    20000200    00000014     UNINITIALIZED
                  20000200    00000008     rtsv7M4_T_le_v4SPD16_eabi.lib : _lock.obj (.data)
                  20000208    00000008                                   : exit.obj (.data)
                  20000210    00000004                                   : stkdepth_vars.obj (.data)

.TI.persistent 
*          0    20000200    00000000     UNINITIALIZED


LINKER GENERATED COPY TABLES

__TI_cinit_table @ 00000988 records: 1, size/record: 8, table size: 8
	.data: load addr=00000970, load size=0000000f bytes, run addr=20000200, run size=00000014 bytes, compression=rle


LINKER GENERATED HANDLER TABLE

__TI_handler_table @ 00000980 records: 2, size/record: 4, table size: 8
	index: 0, handler: __TI_decompress_rle24
	index: 1, handler: __TI_decompress_none


GLOBAL SYMBOLS: SORTED ALPHABETICALLY BY Name 

address   name                    
-------   ----                    
00000831  C$$EXIT                 
00000875  PWMGenConfigure         
000008c5  PWMGenPeriodSet         
000008e3  ResetISR                
UNDEFED   SHT$$INIT_ARRAY$$Base   
UNDEFED   SHT$$INIT_ARRAY$$Limit  
00000499  SysCtlClockGet          
000008ef  SysCtlDelay             
20000200  __STACK_END             
00000200  __STACK_SIZE            
20000200  __STACK_TOP             
00000988  __TI_CINIT_Base         
00000990  __TI_CINIT_Limit        
00000980  __TI_Handler_Table_Base 
00000988  __TI_Handler_Table_Limit
000006bd  __TI_auto_init          
20000208  __TI_cleanup_ptr        
000008d5  __TI_decompress_none    
000008f5  __TI_decompress_rle24   
2000020c  __TI_dtors_ptr          
00000000  __TI_static_base__      
00000641  __aeabi_memclr          
00000641  __aeabi_memclr4         
00000641  __aeabi_memclr8         
000005a5  __aeabi_memcpy          
000005a5  __aeabi_memcpy4         
000005a5  __aeabi_memcpy8         
00000643  __aeabi_memset          
00000643  __aeabi_memset4         
00000643  __aeabi_memset8         
ffffffff  __binit__               
ffffffff  __c_args__              
20000000  __stack                 
00000899  _args_main              
00000795  _c_int00                
20000200  _lock                   
000008bf  _nop                    
000008b7  _register_lock          
000008b1  _register_unlock        
000008fb  _system_pre_init        
20000204  _unlock                 
00000835  abort                   
ffffffff  binit                   
000007e5  copy_in                 
0000083d  exit                    
00000000  g_pfnVectors            
0000026d  main                    
20000210  main_func_sp            
000005a5  memcpy                  
00000649  memset                  


GLOBAL SYMBOLS: SORTED BY Symbol Address 

address   name                    
-------   ----                    
00000000  __TI_static_base__      
00000000  g_pfnVectors            
00000200  __STACK_SIZE            
0000026d  main                    
00000499  SysCtlClockGet          
000005a5  __aeabi_memcpy          
000005a5  __aeabi_memcpy4         
000005a5  __aeabi_memcpy8         
000005a5  memcpy                  
00000641  __aeabi_memclr          
00000641  __aeabi_memclr4         
00000641  __aeabi_memclr8         
00000643  __aeabi_memset          
00000643  __aeabi_memset4         
00000643  __aeabi_memset8         
00000649  memset                  
000006bd  __TI_auto_init          
00000795  _c_int00                
000007e5  copy_in                 
00000831  C$$EXIT                 
00000835  abort                   
0000083d  exit                    
00000875  PWMGenConfigure         
00000899  _args_main              
000008b1  _register_unlock        
000008b7  _register_lock          
000008bf  _nop                    
000008c5  PWMGenPeriodSet         
000008d5  __TI_decompress_none    
000008e3  ResetISR                
000008ef  SysCtlDelay             
000008f5  __TI_decompress_rle24   
000008fb  _system_pre_init        
00000980  __TI_Handler_Table_Base 
00000988  __TI_CINIT_Base         
00000988  __TI_Handler_Table_Limit
00000990  __TI_CINIT_Limit        
20000000  __stack                 
20000200  __STACK_END             
20000200  __STACK_TOP             
20000200  _lock                   
20000204  _unlock                 
20000208  __TI_cleanup_ptr        
2000020c  __TI_dtors_ptr          
20000210  main_func_sp            
ffffffff  __binit__               
ffffffff  __c_args__              
ffffffff  binit                   
UNDEFED   SHT$$INIT_ARRAY$$Base   
UNDEFED   SHT$$INIT_ARRAY$$Limit  

[50 symbols]
