******************************************************************************
                  TI ARM Linker PC v5.2.5                      
******************************************************************************
>> Linked Tue Dec 01 13:31:00 2015

OUTPUT FILE NAME:   <project_2.out>
ENTRY POINT SYMBOL: "_c_int00"  address: 00000d61


MEMORY CONFIGURATION

         name            origin    length      used     unused   attr    fill
----------------------  --------  ---------  --------  --------  ----  --------
  FLASH                 00000000   00040000  000011e4  0003ee1c  R  X
  SRAM                  20000000   00008000  0000021c  00007de4  RW X


SEGMENT ALLOCATION MAP

run origin  load origin   length   init length attrs members
----------  ----------- ---------- ----------- ----- -------
00000000    00000000    000011e8   000011e8    r-x
  00000000    00000000    0000026c   0000026c    r-- .intvecs
  0000026c    0000026c    00000e2e   00000e2e    r-x .text
  0000109c    0000109c    0000012a   0000012a    r-- .const
  000011c8    000011c8    00000020   00000020    r-- .cinit
20000000    20000000    0000021c   00000000    rw-
  20000000    20000000    00000200   00000000    rw- .stack
  20000200    20000200    0000001c   00000000    rw- .data


SECTION ALLOCATION MAP

 output                                  attributes/
section   page    origin      length       input sections
--------  ----  ----------  ----------   ----------------
.intvecs   0    00000000    0000026c     
                  00000000    0000026c     tm4c123gh6pm_startup_ccs.obj (.intvecs)

.text      0    0000026c    00000e2e     
                  0000026c    0000049c     uartstdio.obj (.text)
                  00000708    00000130     driverlib.lib : gpio.obj (.text:GPIOPadConfigSet)
                  00000838    0000010c                   : sysctl.obj (.text:SysCtlClockGet)
                  00000944    000000f0                   : sysctl.obj (.text:SysCtlClockSet)
                  00000a34    000000c4     main.obj (.text)
                  00000af8    0000009c     rtsv7M4_T_le_v4SPD16_eabi.lib : memcpy_t2.obj (.text)
                  00000b94    0000007a     driverlib.lib : adc.obj (.text:ADCSequenceStepConfigure)
                  00000c0e    0000007a     rtsv7M4_T_le_v4SPD16_eabi.lib : memset_t2.obj (.text)
                  00000c88    0000006c                                   : autoinit.obj (.text)
                  00000cf4    0000006a                                   : copy_decompress_rle.obj (.text)
                  00000d5e    00000002                                   : i_div0.obj (.text)
                  00000d60    00000050                                   : boot.obj (.text)
                  00000db0    0000004c                                   : cpy_tbl.obj (.text)
                  00000dfc    00000048     driverlib.lib : gpio.obj (.text:GPIOPinConfigure)
                  00000e44    00000044     rtsv7M4_T_le_v4SPD16_eabi.lib : exit.obj (.text)
                  00000e88    00000042     driverlib.lib : uart.obj (.text:UARTConfigSetExpClk)
                  00000eca    00000040     rtsv7M4_T_le_v4SPD16_eabi.lib : u_divt2.obj (.text)
                  00000f0a    0000003e     driverlib.lib : adc.obj (.text:ADCSequenceConfigure)
                  00000f48    00000038                   : sysctl.obj (.text:SysCtlPeripheralPresent)
                  00000f80    00000034                   : sysctl.obj (.text:SysCtlPeripheralEnable)
                  00000fb4    0000002a                   : gpio.obj (.text:GPIODirModeSet)
                  00000fde    00000002     --HOLE-- [fill = 0]
                  00000fe0    0000001c                   : uart.obj (.text:UARTDisable)
                  00000ffc    00000018     rtsv7M4_T_le_v4SPD16_eabi.lib : args_main.obj (.text)
                  00001014    00000014     driverlib.lib : uart.obj (.text:UARTEnable)
                  00001028    00000014     rtsv7M4_T_le_v4SPD16_eabi.lib : _lock.obj (.text)
                  0000103c    00000012     driverlib.lib : gpio.obj (.text:GPIOPinTypeUART)
                  0000104e    0000000e                   : adc.obj (.text:ADCSequenceEnable)
                  0000105c    0000000e     rtsv7M4_T_le_v4SPD16_eabi.lib : copy_decompress_none.obj (.text:decompress:none)
                  0000106a    0000000c     tm4c123gh6pm_startup_ccs.obj (.text)
                  00001076    0000000a     driverlib.lib : uart.obj (.text:UARTCharGet)
                  00001080    0000000a                   : uart.obj (.text:UARTCharPut)
                  0000108a    00000006                   : sysctl.obj (.text:SysCtlDelay)
                  00001090    00000006     rtsv7M4_T_le_v4SPD16_eabi.lib : copy_decompress_rle.obj (.text:decompress:rle24)
                  00001096    00000004                                   : pre_init.obj (.text)

.const     0    0000109c    0000012a     
                  0000109c    00000090     driverlib.lib : gpio.obj (.const:g_pui32GPIOBaseAddrs)
                  0000112c    0000006c                   : sysctl.obj (.const:g_pui32Xtals)
                  00001198    0000001c     uartstdio.obj (.const)
                  000011b4    00000012     uartstdio.obj (.const:.string)

.cinit     0    000011c8    00000020     
                  000011c8    0000000f     (.cinit..data.load) [load image, compression = rle]
                  000011d7    00000001     --HOLE-- [fill = 0]
                  000011d8    00000008     (__TI_handler_table)
                  000011e0    00000008     (__TI_cinit_table)

.init_array 
*          0    00000000    00000000     UNINITIALIZED

.stack     0    20000000    00000200     UNINITIALIZED
                  20000000    00000200     --HOLE--

.data      0    20000200    0000001c     UNINITIALIZED
                  20000200    00000008     rtsv7M4_T_le_v4SPD16_eabi.lib : _lock.obj (.data)
                  20000208    00000008                                   : exit.obj (.data)
                  20000210    00000005     uartstdio.obj (.data)
                  20000215    00000003     --HOLE--
                  20000218    00000004     rtsv7M4_T_le_v4SPD16_eabi.lib : stkdepth_vars.obj (.data)

.TI.persistent 
*          0    20000200    00000000     UNINITIALIZED


LINKER GENERATED COPY TABLES

__TI_cinit_table @ 000011e0 records: 1, size/record: 8, table size: 8
	.data: load addr=000011c8, load size=0000000f bytes, run addr=20000200, run size=0000001c bytes, compression=rle


LINKER GENERATED HANDLER TABLE

__TI_handler_table @ 000011d8 records: 2, size/record: 4, table size: 8
	index: 0, handler: __TI_decompress_rle24
	index: 1, handler: __TI_decompress_none


GLOBAL SYMBOLS: SORTED ALPHABETICALLY BY Name 

address   name                    
-------   ----                    
00000f0b  ADCSequenceConfigure    
0000104f  ADCSequenceEnable       
00000b95  ADCSequenceStepConfigure
00000e45  C$$EXIT                 
00000fb5  GPIODirModeSet          
00000709  GPIOPadConfigSet        
00000dfd  GPIOPinConfigure        
0000103d  GPIOPinTypeUART         
0000106b  ResetISR                
UNDEFED   SHT$$INIT_ARRAY$$Base   
UNDEFED   SHT$$INIT_ARRAY$$Limit  
00000839  SysCtlClockGet          
00000945  SysCtlClockSet          
0000108b  SysCtlDelay             
00000f81  SysCtlPeripheralEnable  
00000f49  SysCtlPeripheralPresent 
00001077  UARTCharGet             
00001081  UARTCharPut             
00000e89  UARTConfigSetExpClk     
00000fe1  UARTDisable             
00001015  UARTEnable              
0000026d  UARTStdioConfig         
000003b3  UARTgetc                
000002f9  UARTgets                
000006d3  UARTprintf              
000003d9  UARTvprintf             
000002b3  UARTwrite               
20000200  __STACK_END             
00000200  __STACK_SIZE            
20000200  __STACK_TOP             
000011e0  __TI_CINIT_Base         
000011e8  __TI_CINIT_Limit        
000011d8  __TI_Handler_Table_Base 
000011e0  __TI_Handler_Table_Limit
00000c89  __TI_auto_init          
20000208  __TI_cleanup_ptr        
0000105d  __TI_decompress_none    
00001091  __TI_decompress_rle24   
2000020c  __TI_dtors_ptr          
00000000  __TI_static_base__      
00000d5f  __aeabi_idiv0           
00000c0f  __aeabi_memclr          
00000c0f  __aeabi_memclr4         
00000c0f  __aeabi_memclr8         
00000af9  __aeabi_memcpy          
00000af9  __aeabi_memcpy4         
00000af9  __aeabi_memcpy8         
00000c11  __aeabi_memset          
00000c11  __aeabi_memset4         
00000c11  __aeabi_memset8         
00000ecb  __aeabi_uidiv           
00000ecb  __aeabi_uidivmod        
ffffffff  __binit__               
ffffffff  __c_args__              
20000000  __stack                 
00000ffd  _args_main              
00000d61  _c_int00                
20000200  _lock                   
00001037  _nop                    
0000102f  _register_lock          
00001029  _register_unlock        
00001097  _system_pre_init        
20000204  _unlock                 
00000e49  abort                   
ffffffff  binit                   
00000db1  copy_in                 
00000e51  exit                    
00000000  g_pfnVectors            
00000a35  main                    
20000218  main_func_sp            
00000af9  memcpy                  
00000c17  memset                  


GLOBAL SYMBOLS: SORTED BY Symbol Address 

address   name                    
-------   ----                    
00000000  __TI_static_base__      
00000000  g_pfnVectors            
00000200  __STACK_SIZE            
0000026d  UARTStdioConfig         
000002b3  UARTwrite               
000002f9  UARTgets                
000003b3  UARTgetc                
000003d9  UARTvprintf             
000006d3  UARTprintf              
00000709  GPIOPadConfigSet        
00000839  SysCtlClockGet          
00000945  SysCtlClockSet          
00000a35  main                    
00000af9  __aeabi_memcpy          
00000af9  __aeabi_memcpy4         
00000af9  __aeabi_memcpy8         
00000af9  memcpy                  
00000b95  ADCSequenceStepConfigure
00000c0f  __aeabi_memclr          
00000c0f  __aeabi_memclr4         
00000c0f  __aeabi_memclr8         
00000c11  __aeabi_memset          
00000c11  __aeabi_memset4         
00000c11  __aeabi_memset8         
00000c17  memset                  
00000c89  __TI_auto_init          
00000d5f  __aeabi_idiv0           
00000d61  _c_int00                
00000db1  copy_in                 
00000dfd  GPIOPinConfigure        
00000e45  C$$EXIT                 
00000e49  abort                   
00000e51  exit                    
00000e89  UARTConfigSetExpClk     
00000ecb  __aeabi_uidiv           
00000ecb  __aeabi_uidivmod        
00000f0b  ADCSequenceConfigure    
00000f49  SysCtlPeripheralPresent 
00000f81  SysCtlPeripheralEnable  
00000fb5  GPIODirModeSet          
00000fe1  UARTDisable             
00000ffd  _args_main              
00001015  UARTEnable              
00001029  _register_unlock        
0000102f  _register_lock          
00001037  _nop                    
0000103d  GPIOPinTypeUART         
0000104f  ADCSequenceEnable       
0000105d  __TI_decompress_none    
0000106b  ResetISR                
00001077  UARTCharGet             
00001081  UARTCharPut             
0000108b  SysCtlDelay             
00001091  __TI_decompress_rle24   
00001097  _system_pre_init        
000011d8  __TI_Handler_Table_Base 
000011e0  __TI_CINIT_Base         
000011e0  __TI_Handler_Table_Limit
000011e8  __TI_CINIT_Limit        
20000000  __stack                 
20000200  __STACK_END             
20000200  __STACK_TOP             
20000200  _lock                   
20000204  _unlock                 
20000208  __TI_cleanup_ptr        
2000020c  __TI_dtors_ptr          
20000218  main_func_sp            
ffffffff  __binit__               
ffffffff  __c_args__              
ffffffff  binit                   
UNDEFED   SHT$$INIT_ARRAY$$Base   
UNDEFED   SHT$$INIT_ARRAY$$Limit  

[72 symbols]
